{
  "key_properties": [
    "id"
  ],
  "metadata": [
    {
      "breadcrumb": [
        "properties",
        "id"
      ],
      "metadata": {
        "inclusion": "automatic"
      }
    },
    {
      "breadcrumb": [
        "properties",
        "name"
      ],
      "metadata": {
        "inclusion": "available"
      }
    },
    {
      "breadcrumb": [
        "properties",
        "lsn"
      ],
      "metadata": {
        "inclusion": "available"
      }
    },
    {
      "breadcrumb": [
        "properties",
        "timestamp"
      ],
      "metadata": {
        "inclusion": "available"
      }
    },
    {
      "breadcrumb": [
        "properties",
        "source_branch_id"
      ],
      "metadata": {
        "inclusion": "available"
      }
    },
    {
      "breadcrumb": [
        "properties",
        "created_at"
      ],
      "metadata": {
        "inclusion": "available"
      }
    },
    {
      "breadcrumb": [
        "properties",
        "expires_at"
      ],
      "metadata": {
        "inclusion": "available"
      }
    },
    {
      "breadcrumb": [
        "properties",
        "manual"
      ],
      "metadata": {
        "inclusion": "available"
      }
    },
    {
      "breadcrumb": [],
      "metadata": {
        "inclusion": "available",
        "selected": true,
        "selected-by-default": true,
        "table-key-properties": [
          "id"
        ]
      }
    }
  ],
  "replication_method": "FULL_TABLE",
  "schema": {
    "properties": {
      "created_at": {
        "type": [
          "string",
          "null"
        ]
      },
      "expires_at": {
        "type": [
          "string",
          "null"
        ]
      },
      "id": {
        "pattern": "^[a-z0-9-]{1,60}$",
        "type": [
          "string",
          "null"
        ]
      },
      "lsn": {
        "type": [
          "string",
          "null"
        ]
      },
      "manual": {
        "type": [
          "boolean",
          "null"
        ]
      },
      "name": {
        "type": [
          "string",
          "null"
        ]
      },
      "source_branch_id": {
        "pattern": "^[a-z0-9-]{1,60}$",
        "type": [
          "string",
          "null"
        ]
      },
      "timestamp": {
        "type": [
          "string",
          "null"
        ]
      }
    },
    "required": [
      "id",
      "name",
      "created_at"
    ],
    "type": "object"
  },
  "stream": "snapshots",
  "tap_stream_id": "snapshots"
}
