{
  "key_properties": [
    "id"
  ],
  "metadata": [
    {
      "breadcrumb": [
        "properties",
        "id"
      ],
      "metadata": {
        "inclusion": "automatic"
      }
    },
    {
      "breadcrumb": [
        "properties",
        "branch_id"
      ],
      "metadata": {
        "inclusion": "available"
      }
    },
    {
      "breadcrumb": [
        "properties",
        "name"
      ],
      "metadata": {
        "inclusion": "available"
      }
    },
    {
      "breadcrumb": [
        "properties",
        "owner_name"
      ],
      "metadata": {
        "inclusion": "available"
      }
    },
    {
      "breadcrumb": [
        "properties",
        "created_at"
      ],
      "metadata": {
        "inclusion": "available"
      }
    },
    {
      "breadcrumb": [
        "properties",
        "updated_at"
      ],
      "metadata": {
        "inclusion": "available"
      }
    },
    {
      "breadcrumb": [],
      "metadata": {
        "inclusion": "available",
        "selected": true,
        "selected-by-default": true,
        "table-key-properties": [
          "id"
        ]
      }
    }
  ],
  "replication_method": "FULL_TABLE",
  "schema": {
    "properties": {
      "branch_id": {
        "description": "The ID of the branch to which the database belongs\n",
        "pattern": "^[a-z0-9-]{1,60}$",
        "type": [
          "string",
          "null"
        ]
      },
      "created_at": {
        "description": "A timestamp indicating when the database was created\n",
        "format": "date-time",
        "type": [
          "string",
          "null"
        ]
      },
      "id": {
        "description": "The database ID\n",
        "format": "int64",
        "type": [
          "integer",
          "null"
        ]
      },
      "name": {
        "description": "The database name\n",
        "type": [
          "string",
          "null"
        ]
      },
      "owner_name": {
        "description": "The name of role that owns the database\n",
        "type": [
          "string",
          "null"
        ]
      },
      "updated_at": {
        "description": "A timestamp indicating when the database was last updated\n",
        "format": "date-time",
        "type": [
          "string",
          "null"
        ]
      }
    },
    "required": [
      "id",
      "branch_id",
      "name",
      "owner_name",
      "created_at",
      "updated_at"
    ],
    "type": "object"
  },
  "stream": "databases",
  "tap_stream_id": "databases"
}
